C:\Users\gdd00\Google Диск\QA Start Up\QA Automation\qaauto-24.09.2018\src\test\java\page\HomePage.java
C:\Users\gdd00\Google Диск\QA Start Up\QA Automation\qaauto-24.09.2018\src\test\java\test\BaseTest.java
C:\Users\gdd00\Google Диск\QA Start Up\QA Automation\qaauto-24.09.2018\src\test\java\page\BasePage.java
C:\Users\gdd00\Google Диск\QA Start Up\QA Automation\qaauto-24.09.2018\src\test\java\page\CheckpointPage.java
C:\Users\gdd00\Google Диск\QA Start Up\QA Automation\qaauto-24.09.2018\src\test\java\page\PasswordResetPage.java
C:\Users\gdd00\Google Диск\QA Start Up\QA Automation\qaauto-24.09.2018\src\test\java\test\LoginTest.java
C:\Users\gdd00\Google Диск\QA Start Up\QA Automation\qaauto-24.09.2018\src\test\java\util\GMailService.java
C:\Users\gdd00\Google Диск\QA Start Up\QA Automation\qaauto-24.09.2018\src\test\java\test\SearchTest2.java
C:\Users\gdd00\Google Диск\QA Start Up\QA Automation\qaauto-24.09.2018\src\test\java\test\SearchTest.java
C:\Users\gdd00\Google Диск\QA Start Up\QA Automation\qaauto-24.09.2018\src\test\java\test\ResetPasswordTest.java
C:\Users\gdd00\Google Диск\QA Start Up\QA Automation\qaauto-24.09.2018\src\test\java\page\LoginSubmitPage.java
C:\Users\gdd00\Google Диск\QA Start Up\QA Automation\qaauto-24.09.2018\src\test\java\page\LoginPage.java
C:\Users\gdd00\Google Диск\QA Start Up\QA Automation\qaauto-24.09.2018\src\test\java\page\SearchPage.java
C:\Users\gdd00\Google Диск\QA Start Up\QA Automation\qaauto-24.09.2018\src\test\java\page\ForgotPasswordPage.java
C:\Users\gdd00\Google Диск\QA Start Up\QA Automation\qaauto-24.09.2018\src\test\java\test\LoginTest3.java
C:\Users\gdd00\Google Диск\QA Start Up\QA Automation\qaauto-24.09.2018\src\test\java\page\CheckpointSucessfulChangePasswordPage.java
